2026-02-14 20:52:18,250 - INFO - Starting data preparation and inspection...
2026-02-14 20:53:20,141 - WARNING - Process interrupted by user.
2026-02-14 20:56:44,142 - INFO - Starting data preparation and inspection...
2026-02-14 21:23:36,809 - ERROR - Failed to load train dataset: File not found or corrupted.
2026-02-14 21:23:36,809 - ERROR - This is usually caused by a partial/interrupted download.
Recommended fix:
1. Delete the existing folder: rm -rf data/flowers
2. Re-run the script.
If it still fails, download manually from:
   https://www.robots.ox.ac.uk/~vgg/data/flowers/102/102flowers.tgz
   https://www.robots.ox.ac.uk/~vgg/data/flowers/102/imagelabels.mat
   https://www.robots.ox.ac.uk/~vgg/data/flowers/102/setid.mat
Place them in data/flowers/flowers-102/ and set download=False.
2026-02-14 21:23:36,809 - CRITICAL - Fatal error during data preparation: RuntimeError: File not found or corrupted.
2026-02-14 21:23:36,809 - CRITICAL - Script failed. Check logs/data_preparation.log for details.
2026-02-14 23:05:33,064 - INFO - Starting data preparation and inspection...
2026-02-14 23:06:40,452 - WARNING - Process interrupted by user.
2026-02-14 23:09:24,842 - INFO - Starting data preparation and inspection...
2026-02-14 23:13:43,204 - WARNING - Process interrupted by user.
2026-02-14 23:15:42,011 - INFO - Starting data preparation with Kaggle Flowers-102 dataset...
2026-02-14 23:15:42,026 - CRITICAL - Failed to load Kaggle Flowers dataset: FileNotFoundError: Couldn't find any class folder in ./data/flowers_kaggle/dataset/test.
2026-02-14 23:15:42,026 - CRITICAL - Check if folders exist: train/, valid/, test/ inside DATA_ROOT
2026-02-14 23:15:42,026 - CRITICAL - Verify class subfolders (1/, 2/, ...) are present.
2026-02-14 23:15:42,026 - CRITICAL - Fatal error: FileNotFoundError: Couldn't find any class folder in ./data/flowers_kaggle/dataset/test.
2026-02-14 23:15:42,026 - CRITICAL - Check logs/data_preparation.log
2026-02-14 23:22:43,151 - INFO - Starting data preparation with Kaggle Flowers-102 dataset...
2026-02-14 23:22:43,167 - CRITICAL - Failed to load Kaggle Flowers dataset: FileNotFoundError: Couldn't find any class folder in ./data/flowers_kaggle/dataset/test.
2026-02-14 23:22:43,167 - CRITICAL - Check if folders exist: train/, valid/, test/ inside DATA_ROOT
2026-02-14 23:22:43,167 - CRITICAL - Verify class subfolders (1/, 2/, ...) are present.
2026-02-14 23:22:43,167 - CRITICAL - Fatal error: FileNotFoundError: Couldn't find any class folder in ./data/flowers_kaggle/dataset/test.
2026-02-14 23:22:43,167 - CRITICAL - Check logs/data_preparation.log
2026-02-14 23:23:39,385 - INFO - Starting data preparation with Kaggle Flowers-102 dataset...
2026-02-14 23:23:39,418 - CRITICAL - Failed to load Kaggle Flowers dataset: FileNotFoundError: Couldn't find any class folder in ./data/flowers_kaggle/dataset/test.
2026-02-14 23:23:39,418 - CRITICAL - Check if folders exist: train/, valid/, test/ inside DATA_ROOT
2026-02-14 23:23:39,419 - CRITICAL - Verify class subfolders (1/, 2/, ...) are present.
2026-02-14 23:23:39,419 - CRITICAL - Fatal error: FileNotFoundError: Couldn't find any class folder in ./data/flowers_kaggle/dataset/test.
2026-02-14 23:23:39,419 - CRITICAL - Check logs/data_preparation.log
2026-02-14 23:38:54,110 - INFO - Starting data preparation with Kaggle Flowers-102 dataset...
2026-02-14 23:38:54,124 - INFO - Loaded labeled datasets successfully:
2026-02-14 23:38:54,124 - INFO - Train: 6552 images
2026-02-14 23:38:54,124 - INFO - Valid: 818 images
2026-02-14 23:38:54,125 - INFO - Classes detected: 102
2026-02-14 23:38:54,125 - INFO - Test (unlabeled): 819 images
2026-02-14 23:39:07,516 - INFO - Number of classes: 102
2026-02-14 23:39:07,516 - INFO - Top 10 class distribution: {49: 206, 77: 205, 43: 157, 90: 153, 73: 147, 74: 142, 82: 135, 96: 132, 89: 116, 78: 112}
2026-02-14 23:39:19,924 - INFO - Data loaders created successfully.
2026-02-14 23:39:20,854 - WARNING - Clipping input data to the valid range for imshow with RGB data ([0..1] for floats or [0..255] for integers). Got range [-2.117904..2.64].
2026-02-14 23:39:20,904 - INFO - Sample image saved.
2026-02-14 23:39:20,904 - INFO - Data preparation completed successfully!
2026-02-15 00:01:11,115 - CRITICAL - Cannot import data loaders: cannot import name 'train_loader' from 'data.flower_data' (/Users/frasat/data science/Projects/image_classification_assessment/data/flower_data.py)
2026-02-15 00:01:11,115 - CRITICAL - Make sure you run from project root and data/flower_data.py exists
2026-02-15 00:08:35,445 - INFO - Loaded labeled datasets successfully:
2026-02-15 00:08:35,445 - INFO - Train: 6552 images
2026-02-15 00:08:35,445 - INFO - Valid: 818 images
2026-02-15 00:08:35,445 - INFO - Classes detected: 102
2026-02-15 00:08:35,447 - INFO - Test (unlabeled): 819 images
2026-02-15 00:09:00,803 - INFO - Data loaders created successfully.
2026-02-15 00:09:00,804 - INFO - Starting data preparation with Kaggle Flowers-102 dataset...
2026-02-15 00:09:00,804 - INFO - Number of classes: 102
2026-02-15 00:09:00,804 - INFO - Top 10 class distribution: {49: 206, 77: 205, 43: 157, 90: 153, 73: 147, 74: 142, 82: 135, 96: 132, 89: 116, 78: 112}
2026-02-15 00:09:00,948 - WARNING - Clipping input data to the valid range for imshow with RGB data ([0..1] for floats or [0..255] for integers). Got range [-2.117904..2.64].
2026-02-15 00:09:01,002 - INFO - Sample image saved.
2026-02-15 00:09:01,002 - INFO - Data preparation completed successfully!
2026-02-15 00:11:28,182 - INFO - Loaded labeled datasets successfully:
2026-02-15 00:11:28,182 - INFO - Train: 6552 images
2026-02-15 00:11:28,182 - INFO - Valid: 818 images
2026-02-15 00:11:28,182 - INFO - Classes detected: 102
2026-02-15 00:11:28,184 - INFO - Test (unlabeled): 819 images
2026-02-15 00:11:53,542 - INFO - Data loaders created successfully.
2026-02-15 00:11:53,543 - INFO - Training started | Device: cpu | Batch: 32 | Epochs: 10
2026-02-15 00:11:53,543 - INFO - === Starting Simple CNN Baseline Training ===
2026-02-15 00:14:14,542 - INFO - [baseline_cnn | Epoch 1/10] Train Loss: 4.3613 | Train Acc: 2.32% | Val Loss: 4.1627 | Val Acc: 5.62% | Time: 140.8s
2026-02-15 00:14:14,854 - INFO - → Saved improved model: ./saved_models/baseline_cnn_best.pth (Val Acc: 5.62%)
2026-02-15 00:16:33,247 - INFO - [baseline_cnn | Epoch 2/10] Train Loss: 3.8980 | Train Acc: 6.41% | Val Loss: 3.5754 | Val Acc: 14.06% | Time: 138.4s
2026-02-15 00:16:33,441 - INFO - → Saved improved model: ./saved_models/baseline_cnn_best.pth (Val Acc: 14.06%)
2026-02-15 00:18:51,770 - INFO - [baseline_cnn | Epoch 3/10] Train Loss: 3.5652 | Train Acc: 12.06% | Val Loss: 3.2778 | Val Acc: 16.50% | Time: 138.3s
2026-02-15 00:18:51,944 - INFO - → Saved improved model: ./saved_models/baseline_cnn_best.pth (Val Acc: 16.50%)
2026-02-15 00:21:11,749 - INFO - [baseline_cnn | Epoch 4/10] Train Loss: 3.3562 | Train Acc: 15.52% | Val Loss: 3.0432 | Val Acc: 22.00% | Time: 139.8s
2026-02-15 00:21:11,969 - INFO - → Saved improved model: ./saved_models/baseline_cnn_best.pth (Val Acc: 22.00%)
2026-02-15 00:23:30,792 - INFO - [baseline_cnn | Epoch 5/10] Train Loss: 3.1962 | Train Acc: 18.71% | Val Loss: 2.8851 | Val Acc: 24.82% | Time: 138.8s
2026-02-15 00:23:30,967 - INFO - → Saved improved model: ./saved_models/baseline_cnn_best.pth (Val Acc: 24.82%)
2026-02-15 00:25:49,333 - INFO - [baseline_cnn | Epoch 6/10] Train Loss: 2.9568 | Train Acc: 23.26% | Val Loss: 2.6186 | Val Acc: 31.54% | Time: 138.4s
2026-02-15 00:25:49,509 - INFO - → Saved improved model: ./saved_models/baseline_cnn_best.pth (Val Acc: 31.54%)
2026-02-15 00:28:32,429 - INFO - [baseline_cnn | Epoch 7/10] Train Loss: 2.8134 | Train Acc: 26.51% | Val Loss: 2.5043 | Val Acc: 33.01% | Time: 162.9s
2026-02-15 00:28:32,629 - INFO - → Saved improved model: ./saved_models/baseline_cnn_best.pth (Val Acc: 33.01%)
2026-02-15 00:30:59,402 - INFO - [baseline_cnn | Epoch 8/10] Train Loss: 2.7583 | Train Acc: 27.96% | Val Loss: 2.3878 | Val Acc: 38.02% | Time: 146.8s
2026-02-15 00:30:59,645 - INFO - → Saved improved model: ./saved_models/baseline_cnn_best.pth (Val Acc: 38.02%)
2026-02-15 00:33:23,593 - INFO - [baseline_cnn | Epoch 9/10] Train Loss: 2.6147 | Train Acc: 31.44% | Val Loss: 2.3295 | Val Acc: 37.90% | Time: 143.9s
2026-02-15 00:35:49,727 - INFO - [baseline_cnn | Epoch 10/10] Train Loss: 2.5239 | Train Acc: 33.39% | Val Loss: 2.3360 | Val Acc: 38.88% | Time: 146.1s
2026-02-15 00:35:49,905 - INFO - → Saved improved model: ./saved_models/baseline_cnn_best.pth (Val Acc: 38.88%)
2026-02-15 00:35:49,905 - INFO - baseline_cnn training finished. Best Val Acc: 38.88%
2026-02-15 00:35:49,905 - INFO - === Starting ResNet-18 Fine-tuning ===
2026-02-15 00:39:57,917 - INFO - [resnet18_finetune | Epoch 1/10] Train Loss: 1.8578 | Train Acc: 63.45% | Val Loss: 0.4632 | Val Acc: 91.20% | Time: 221.1s
2026-02-15 00:39:57,984 - INFO - → Saved improved model: ./saved_models/resnet18_finetune_best.pth (Val Acc: 91.20%)
2026-02-15 00:43:41,039 - INFO - [resnet18_finetune | Epoch 2/10] Train Loss: 0.6485 | Train Acc: 86.34% | Val Loss: 0.2704 | Val Acc: 94.01% | Time: 223.1s
2026-02-15 00:43:41,082 - INFO - → Saved improved model: ./saved_models/resnet18_finetune_best.pth (Val Acc: 94.01%)
2026-02-15 00:47:34,344 - INFO - [resnet18_finetune | Epoch 3/10] Train Loss: 0.4664 | Train Acc: 89.38% | Val Loss: 0.2465 | Val Acc: 94.01% | Time: 233.3s
2026-02-15 00:51:21,522 - INFO - [resnet18_finetune | Epoch 4/10] Train Loss: 0.3922 | Train Acc: 90.75% | Val Loss: 0.2212 | Val Acc: 94.87% | Time: 227.2s
2026-02-15 00:51:21,567 - INFO - → Saved improved model: ./saved_models/resnet18_finetune_best.pth (Val Acc: 94.87%)
2026-02-15 00:55:02,064 - INFO - [resnet18_finetune | Epoch 5/10] Train Loss: 0.3424 | Train Acc: 91.70% | Val Loss: 0.1837 | Val Acc: 95.60% | Time: 220.5s
2026-02-15 00:55:02,106 - INFO - → Saved improved model: ./saved_models/resnet18_finetune_best.pth (Val Acc: 95.60%)
2026-02-15 00:58:42,291 - INFO - [resnet18_finetune | Epoch 6/10] Train Loss: 0.2552 | Train Acc: 93.68% | Val Loss: 0.1598 | Val Acc: 95.72% | Time: 220.2s
2026-02-15 00:58:42,331 - INFO - → Saved improved model: ./saved_models/resnet18_finetune_best.pth (Val Acc: 95.72%)
2026-02-15 01:02:23,175 - INFO - [resnet18_finetune | Epoch 7/10] Train Loss: 0.2248 | Train Acc: 94.55% | Val Loss: 0.1399 | Val Acc: 97.19% | Time: 220.8s
2026-02-15 01:02:23,220 - INFO - → Saved improved model: ./saved_models/resnet18_finetune_best.pth (Val Acc: 97.19%)
2026-02-15 01:06:13,537 - INFO - [resnet18_finetune | Epoch 8/10] Train Loss: 0.2273 | Train Acc: 94.25% | Val Loss: 0.1345 | Val Acc: 96.33% | Time: 230.3s
2026-02-15 01:09:57,698 - INFO - [resnet18_finetune | Epoch 9/10] Train Loss: 0.1899 | Train Acc: 95.79% | Val Loss: 0.1633 | Val Acc: 95.72% | Time: 224.2s
2026-02-15 01:13:41,017 - INFO - [resnet18_finetune | Epoch 10/10] Train Loss: 0.1888 | Train Acc: 95.67% | Val Loss: 0.1383 | Val Acc: 96.45% | Time: 223.3s
2026-02-15 01:13:41,019 - INFO - resnet18_finetune training finished. Best Val Acc: 97.19%
2026-02-15 01:13:41,019 - INFO - All training completed. Check logs/train.log and saved_models/
2026-02-15 01:23:57,397 - INFO - Loaded labeled datasets successfully:
2026-02-15 01:23:57,397 - INFO - Train: 6552 images
2026-02-15 01:23:57,397 - INFO - Valid: 818 images
2026-02-15 01:23:57,397 - INFO - Classes detected: 102
2026-02-15 01:23:57,399 - INFO - Test (unlabeled): 819 images
2026-02-15 01:24:22,554 - INFO - Data loaders created successfully.
2026-02-15 01:24:22,557 - INFO - Training started | Device: cpu | Batch: 32 | Epochs: 10
2026-02-15 01:24:22,821 - INFO - Loaded baseline_cnn from ./saved_models/baseline_cnn_best.pth
2026-02-15 01:24:22,821 - CRITICAL - Failed to load resnet18_finetune: TypeError: <lambda>() got an unexpected keyword argument 'num_classes'
2026-02-15 01:31:14,420 - INFO - Loaded labeled datasets successfully:
2026-02-15 01:31:14,420 - INFO - Train: 6552 images
2026-02-15 01:31:14,420 - INFO - Valid: 818 images
2026-02-15 01:31:14,420 - INFO - Classes detected: 102
2026-02-15 01:31:14,422 - INFO - Test (unlabeled): 819 images
2026-02-15 01:31:36,820 - INFO - Loaded labeled datasets successfully:
2026-02-15 01:31:36,821 - INFO - Train: 6552 images
2026-02-15 01:31:36,821 - INFO - Valid: 818 images
2026-02-15 01:31:36,821 - INFO - Classes detected: 102
2026-02-15 01:31:36,821 - INFO - Test (unlabeled): 819 images
2026-02-15 01:32:02,187 - INFO - Data loaders created successfully.
2026-02-15 01:32:02,188 - INFO - Training started | Device: cpu | Batch: 32 | Epochs: 10
2026-02-15 01:32:02,188 - INFO - Starting model evaluation...
2026-02-15 01:32:02,419 - INFO - Successfully loaded baseline_cnn from saved_models/baseline_cnn_best.pth
2026-02-15 01:32:02,597 - INFO - Successfully loaded resnet18_finetune from saved_models/resnet18_finetune_best.pth
2026-02-15 01:32:02,597 - INFO - Evaluating on Validation set
2026-02-15 01:32:11,208 - INFO - [Baseline CNN - Validation] Accuracy: 0.3888 | Macro F1: 0.3696 | Samples: 818
2026-02-15 01:32:14,922 - INFO - Saved confusion matrix: evaluation/Baseline_CNN_val_confusion_matrix.png
2026-02-15 01:32:15,441 - INFO - Saved error visualization: evaluation/Baseline_CNN_top_errors.png
2026-02-15 01:32:36,470 - INFO - [ResNet-18 - Validation] Accuracy: 0.9719 | Macro F1: 0.9634 | Samples: 818
2026-02-15 01:32:40,888 - INFO - Saved confusion matrix: evaluation/ResNet18_val_confusion_matrix.png
2026-02-15 01:32:41,402 - INFO - Saved error visualization: evaluation/ResNet18_top_errors.png
2026-02-15 01:32:41,403 - INFO - Evaluation finished successfully.
2026-02-15 01:32:41,403 - INFO - Check evaluation/ folder for confusion matrices and error visualizations.
2026-02-15 01:32:41,403 - INFO - Check logs/evaluate.log for detailed metrics.
2026-02-15 01:35:50,703 - INFO - Loaded labeled datasets successfully:
2026-02-15 01:35:50,703 - INFO - Train: 6552 images
2026-02-15 01:35:50,703 - INFO - Valid: 818 images
2026-02-15 01:35:50,703 - INFO - Classes detected: 102
2026-02-15 01:35:50,705 - INFO - Test (unlabeled): 819 images
2026-02-15 01:36:16,703 - INFO - Data loaders created successfully.
2026-02-15 01:36:16,704 - INFO - Training started | Device: cpu | Batch: 32 | Epochs: 10
