2026-02-15 00:11:28,182 - INFO - Loaded labeled datasets successfully:
2026-02-15 00:11:28,182 - INFO - Train: 6552 images
2026-02-15 00:11:28,182 - INFO - Valid: 818 images
2026-02-15 00:11:28,182 - INFO - Classes detected: 102
2026-02-15 00:11:28,184 - INFO - Test (unlabeled): 819 images
2026-02-15 00:11:53,542 - INFO - Data loaders created successfully.
2026-02-15 00:11:53,543 - INFO - Training started | Device: cpu | Batch: 32 | Epochs: 10
2026-02-15 00:11:53,543 - INFO - === Starting Simple CNN Baseline Training ===
2026-02-15 00:14:14,542 - INFO - [baseline_cnn | Epoch 1/10] Train Loss: 4.3613 | Train Acc: 2.32% | Val Loss: 4.1627 | Val Acc: 5.62% | Time: 140.8s
2026-02-15 00:14:14,854 - INFO - → Saved improved model: ./saved_models/baseline_cnn_best.pth (Val Acc: 5.62%)
2026-02-15 00:16:33,247 - INFO - [baseline_cnn | Epoch 2/10] Train Loss: 3.8980 | Train Acc: 6.41% | Val Loss: 3.5754 | Val Acc: 14.06% | Time: 138.4s
2026-02-15 00:16:33,441 - INFO - → Saved improved model: ./saved_models/baseline_cnn_best.pth (Val Acc: 14.06%)
2026-02-15 00:18:51,770 - INFO - [baseline_cnn | Epoch 3/10] Train Loss: 3.5652 | Train Acc: 12.06% | Val Loss: 3.2778 | Val Acc: 16.50% | Time: 138.3s
2026-02-15 00:18:51,944 - INFO - → Saved improved model: ./saved_models/baseline_cnn_best.pth (Val Acc: 16.50%)
2026-02-15 00:21:11,749 - INFO - [baseline_cnn | Epoch 4/10] Train Loss: 3.3562 | Train Acc: 15.52% | Val Loss: 3.0432 | Val Acc: 22.00% | Time: 139.8s
2026-02-15 00:21:11,969 - INFO - → Saved improved model: ./saved_models/baseline_cnn_best.pth (Val Acc: 22.00%)
2026-02-15 00:23:30,792 - INFO - [baseline_cnn | Epoch 5/10] Train Loss: 3.1962 | Train Acc: 18.71% | Val Loss: 2.8851 | Val Acc: 24.82% | Time: 138.8s
2026-02-15 00:23:30,967 - INFO - → Saved improved model: ./saved_models/baseline_cnn_best.pth (Val Acc: 24.82%)
2026-02-15 00:25:49,333 - INFO - [baseline_cnn | Epoch 6/10] Train Loss: 2.9568 | Train Acc: 23.26% | Val Loss: 2.6186 | Val Acc: 31.54% | Time: 138.4s
2026-02-15 00:25:49,509 - INFO - → Saved improved model: ./saved_models/baseline_cnn_best.pth (Val Acc: 31.54%)
2026-02-15 00:28:32,429 - INFO - [baseline_cnn | Epoch 7/10] Train Loss: 2.8134 | Train Acc: 26.51% | Val Loss: 2.5043 | Val Acc: 33.01% | Time: 162.9s
2026-02-15 00:28:32,629 - INFO - → Saved improved model: ./saved_models/baseline_cnn_best.pth (Val Acc: 33.01%)
2026-02-15 00:30:59,402 - INFO - [baseline_cnn | Epoch 8/10] Train Loss: 2.7583 | Train Acc: 27.96% | Val Loss: 2.3878 | Val Acc: 38.02% | Time: 146.8s
2026-02-15 00:30:59,645 - INFO - → Saved improved model: ./saved_models/baseline_cnn_best.pth (Val Acc: 38.02%)
2026-02-15 00:33:23,593 - INFO - [baseline_cnn | Epoch 9/10] Train Loss: 2.6147 | Train Acc: 31.44% | Val Loss: 2.3295 | Val Acc: 37.90% | Time: 143.9s
2026-02-15 00:35:49,727 - INFO - [baseline_cnn | Epoch 10/10] Train Loss: 2.5239 | Train Acc: 33.39% | Val Loss: 2.3360 | Val Acc: 38.88% | Time: 146.1s
2026-02-15 00:35:49,905 - INFO - → Saved improved model: ./saved_models/baseline_cnn_best.pth (Val Acc: 38.88%)
2026-02-15 00:35:49,905 - INFO - baseline_cnn training finished. Best Val Acc: 38.88%
2026-02-15 00:35:49,905 - INFO - === Starting ResNet-18 Fine-tuning ===
Downloading: "https://download.pytorch.org/models/resnet18-f37072fd.pth" to /Users/frasat/.cache/torch/hub/checkpoints/resnet18-f37072fd.pth
100%|████████████████████████████████████████████████████████████████████████████████████████████████████████████████████████████████| 44.7M/44.7M [00:26<00:00, 1.80MB/s]
2026-02-15 00:39:57,917 - INFO - [resnet18_finetune | Epoch 1/10] Train Loss: 1.8578 | Train Acc: 63.45% | Val Loss: 0.4632 | Val Acc: 91.20% | Time: 221.1s
2026-02-15 00:39:57,984 - INFO - → Saved improved model: ./saved_models/resnet18_finetune_best.pth (Val Acc: 91.20%)
2026-02-15 00:43:41,039 - INFO - [resnet18_finetune | Epoch 2/10] Train Loss: 0.6485 | Train Acc: 86.34% | Val Loss: 0.2704 | Val Acc: 94.01% | Time: 223.1s
2026-02-15 00:43:41,082 - INFO - → Saved improved model: ./saved_models/resnet18_finetune_best.pth (Val Acc: 94.01%)
2026-02-15 00:47:34,344 - INFO - [resnet18_finetune | Epoch 3/10] Train Loss: 0.4664 | Train Acc: 89.38% | Val Loss: 0.2465 | Val Acc: 94.01% | Time: 233.3s
2026-02-15 00:51:21,522 - INFO - [resnet18_finetune | Epoch 4/10] Train Loss: 0.3922 | Train Acc: 90.75% | Val Loss: 0.2212 | Val Acc: 94.87% | Time: 227.2s
2026-02-15 00:51:21,567 - INFO - → Saved improved model: ./saved_models/resnet18_finetune_best.pth (Val Acc: 94.87%)
2026-02-15 00:55:02,064 - INFO - [resnet18_finetune | Epoch 5/10] Train Loss: 0.3424 | Train Acc: 91.70% | Val Loss: 0.1837 | Val Acc: 95.60% | Time: 220.5s
2026-02-15 00:55:02,106 - INFO - → Saved improved model: ./saved_models/resnet18_finetune_best.pth (Val Acc: 95.60%)
2026-02-15 00:58:42,291 - INFO - [resnet18_finetune | Epoch 6/10] Train Loss: 0.2552 | Train Acc: 93.68% | Val Loss: 0.1598 | Val Acc: 95.72% | Time: 220.2s
2026-02-15 00:58:42,331 - INFO - → Saved improved model: ./saved_models/resnet18_finetune_best.pth (Val Acc: 95.72%)
2026-02-15 01:02:23,175 - INFO - [resnet18_finetune | Epoch 7/10] Train Loss: 0.2248 | Train Acc: 94.55% | Val Loss: 0.1399 | Val Acc: 97.19% | Time: 220.8s
2026-02-15 01:02:23,220 - INFO - → Saved improved model: ./saved_models/resnet18_finetune_best.pth (Val Acc: 97.19%)
2026-02-15 01:06:13,537 - INFO - [resnet18_finetune | Epoch 8/10] Train Loss: 0.2273 | Train Acc: 94.25% | Val Loss: 0.1345 | Val Acc: 96.33% | Time: 230.3s
2026-02-15 01:09:57,698 - INFO - [resnet18_finetune | Epoch 9/10] Train Loss: 0.1899 | Train Acc: 95.79% | Val Loss: 0.1633 | Val Acc: 95.72% | Time: 224.2s
2026-02-15 01:13:41,017 - INFO - [resnet18_finetune | Epoch 10/10] Train Loss: 0.1888 | Train Acc: 95.67% | Val Loss: 0.1383 | Val Acc: 96.45% | Time: 223.3s
2026-02-15 01:13:41,019 - INFO - resnet18_finetune training finished. Best Val Acc: 97.19%
2026-02-15 01:13:41,019 - INFO - All training completed. Check logs/train.log and saved_models/
